+-------------------------------------------------------------------+
| * completed run                                                   |
|   cli:codex worked on branch dr/ship-it-abc12345                  |
|   turns         3                                                 |
|   tokens        in 100  out 50                                    |
|   spend         not metered (subscription) · wall 12.5s · 3 turns |
|   branch diff   +42  -3  3 files                                  |
|   files         added 1  updated 2  deleted 0                     |
|   gate          passed by dr-gate (2 checks)                      |
|   tests modified this run  no                                     |
|   working                  /tmp/work                              |
|   proof                    /tmp/run/proofs/turn-acceptance.json   |
|                                                                   |
|   attach        deadreckon attach abc12345                        |
|   show          deadreckon show abc12345                          |
|   apply         deadreckon apply abc12345                         |
+-------------------------------------------------------------------+
