case: campaign-depth
status: 1
--- stdout ---
--- stderr ---
blocked campaign

Explanation
DeadReckon refused to start a nested campaign because depth cap 2 reached.
This is a controlled recursion guard; use an orchestrated full-plan inside the sub-orchestrator instead of starting another campaign coordinator.

Evidence
goal: nested campaign
current depth: 1
depth cap: 2
requested subs: 2
reason: sub-orchestrators cannot campaign again

Recommended
deadreckon orchestrate full-plan "nested campaign" --n 2 --planner-provider smoke --provider smoke

case: non-git-worktree
status: 1
--- stdout ---
using default --max-spend $10 (override with --max-spend or in config defaults.max_spend)
--- stderr ---
error: invalid input: <TMP>/plain is not a git repo
try: git init or pass --from .
  hint: try: deadreckon doctor
