case: campaign-depth
status: 1
--- stdout ---
--- stderr ---
error: campaign refused: depth cap 2 reached; use orchestrate full-plan inside the sub-orchestrator instead
  hint: try: deadreckon orchestrate full-plan "nested campaign" --n 2 --planner-provider smoke --provider smoke

case: non-git-worktree
status: 1
--- stdout ---
using default --max-spend $10 (override with --max-spend or in config defaults.max_spend)
--- stderr ---
error: invalid input: <TMP>/plain is not a git repo
try: git init or pass --from .
  hint: try: deadreckon doctor
