status: 0
--- stdout ---
{
  "done_authoring": {
    "inspect_root": "<TMP>/repo",
    "needed": false,
    "posture": "structured_text",
    "provider": null,
    "wall_seconds": "<DURATION>",
    "write_root": "<TMP>/repo/.deadreckon"
  },
  "done_contract": {
    "checks": null,
    "divergence": null
  },
  "done_criteria": "missing done contract",
  "done_criteria_source": "missing",
  "goal": "characterize orchestration",
  "goal_shape": null,
  "history_actions": [],
  "kind": "start",
  "next_actions": [
    "deadreckon def-done \"what should count as done\" && deadreckon start \"characterize orchestration\""
  ],
  "primary_action": "deadreckon def-done \"what should count as done\" && deadreckon start \"characterize orchestration\"",
  "provider": "smoke (explicit_flag)",
  "provider_source": "explicit_flag",
  "reason": "explicit --mode full-plan selected multi-agent planning",
  "requires_confirmation": false,
  "selected_mode": "full-plan",
  "selection_source": "explicit_flag",
  "source": {
    "allow_dirty": false,
    "contract_write_root": "<TMP>/repo",
    "inspection_root": "<TMP>/repo",
    "label": "worktree from <TMP>/repo",
    "mode": "worktree",
    "provenance": "current-clean-worktree",
    "requested_from": null
  },
  "source_mode": "worktree",
  "try_lines": [
    "deadreckon def-done \"what should count as done\" && deadreckon start \"characterize orchestration\""
  ],
  "verdict": {
    "evidence": [
      [
        "goal",
        "characterize orchestration"
      ],
      [
        "path",
        "full-plan orchestration"
      ],
      [
        "provider",
        "smoke (explicit_flag)"
      ],
      [
        "roles",
        "implementors=3, planner=smoke/provider default, implementor=smoke/provider default"
      ],
      [
        "done",
        "missing done contract"
      ],
      [
        "workspace",
        "worktree from <TMP>/repo"
      ],
      [
        "override",
        "deadreckon start <goal> --mode run"
      ],
      [
        "seams",
        "builtin"
      ],
      [
        "deadline",
        "none"
      ],
      [
        "will start",
        "false"
      ]
    ],
    "explanation": "done contract is missing for this repo The selected path cannot start until the recommended recovery command resolves the missing setup.",
    "kind": "blocked",
    "label": "blocked start",
    "recommended_command": "deadreckon def-done \"what should count as done\" && deadreckon start \"characterize orchestration\"",
    "subject": "start"
  },
  "will_start": false
}
--- stderr ---
