state     : <HOME>/runstate/<SCOPE>/runs/<RUN_ID>/state.json
launch-dir: <CWD>
working   : <HOME>/runstate/<SCOPE>/runs/<RUN_ID>/working
Mode fresh
Acceptance gate: MISSING signed acceptance marker
{
  "version": 1,
  "goal": "imported codex session",
  "task_key": "imported-codex-session-43b55ffa",
  "run_id": "<RUN_ID>",
  "scope": "<SCOPE>",
  "status": "completed",
  "current_phase_id": 0,
  "started_at": "<TIMESTAMP>",
  "updated_at": "<TIMESTAMP>",
  "cwd": "<CWD>",
  "run_root": "<HOME>/runstate/<SCOPE>/runs/<RUN_ID>",
  "working_dir": "<HOME>/runstate/<SCOPE>/runs/<RUN_ID>/working",
  "skill_name": "default-coding",
  "skill_path": "<SOURCE_ROOT>/skills/default-coding/SKILL.md",
  "sandbox": "none",
  "provider": "import:cli:codex",
  "max_spend_usd": null,
  "total_spend_usd": 0.0,
  "total_wall_seconds": 0.0,
  "turn": 2,
  "pause_reason": null,
  "failure_reason": null,
  "child_pids": [],
  "killed_at": null,
  "phases": [
    {
      "id": 0,
      "name": "init",
      "status": "planned",
      "plan_path": null,
      "updated_at": "<TIMESTAMP>"
    },
    {
      "id": 10,
      "name": "plan",
      "status": "pending",
      "plan_path": null,
      "updated_at": "<TIMESTAMP>"
    },
    {
      "id": 20,
      "name": "provider",
      "status": "pending",
      "plan_path": null,
      "updated_at": "<TIMESTAMP>"
    },
    {
      "id": 30,
      "name": "sandbox",
      "status": "pending",
      "plan_path": null,
      "updated_at": "<TIMESTAMP>"
    },
    {
      "id": 40,
      "name": "execute",
      "status": "pending",
      "plan_path": null,
      "updated_at": "<TIMESTAMP>"
    },
    {
      "id": 50,
      "name": "verify",
      "status": "pending",
      "plan_path": null,
      "updated_at": "<TIMESTAMP>"
    },
    {
      "id": 60,
      "name": "complete",
      "status": "pending",
      "plan_path": null,
      "updated_at": "<TIMESTAMP>"
    }
  ]
}
provenance:
{
  "timestamp": "<TIMESTAMP>",
  "prompt_id": "turn-1",
  "model": "import:cli:codex",
  "tool_call_id": "codex-tool-1",
  "session_id": "<RUN_ID>",
  "files": [
    "src/main.rs"
  ]
}
{
  "timestamp": "<TIMESTAMP>",
  "prompt_id": "turn-2",
  "model": "import:cli:codex",
  "tool_call_id": "codex-tool-2",
  "session_id": "<RUN_ID>",
  "files": [
    "Cargo.toml",
    "src/main.rs"
  ]
}
traces:
{
  "timestamp": "<TIMESTAMP>",
  "run_id": "<RUN_ID>",
  "turn": 1,
  "event": "import.codex",
  "latency_ms": null,
  "detail": {
    "files": [
      "src/main.rs"
    ],
    "import_version": 1,
    "raw_hash": "sha256:3ed994572066979e461cd92a65f8393fbf642cb6bcee56229d90567cd987117a",
    "role": "assistant",
    "schema": "codex-cli",
    "session_id": "codex:session",
    "source": "cli:codex",
    "source_event": "row",
    "source_line": 1,
    "source_path": "<IMPORT_ROOT>/session.jsonl",
    "summary": "codex edit",
    "tool_call_id": "codex-tool-1"
  }
}
{
  "timestamp": "<TIMESTAMP>",
  "run_id": "<RUN_ID>",
  "turn": 2,
  "event": "import.codex",
  "latency_ms": null,
  "detail": {
    "files": [
      "Cargo.toml",
      "src/main.rs"
    ],
    "import_version": 1,
    "raw_hash": "sha256:f7a29ffc33b31f2c641f6b61602b505a5497a11a9e8f7b1677616fbbb7de07d0",
    "role": "assistant",
    "schema": "codex-cli",
    "session_id": "codex:session",
    "source": "cli:codex",
    "source_event": "row",
    "source_line": 2,
    "source_path": "<IMPORT_ROOT>/session.jsonl",
    "summary": "codex multi",
    "tool_call_id": "codex-tool-2"
  }
}
