state     : <HOME>/runstate/<SCOPE>/runs/<RUN_ID>/state.json
launch-dir: <CWD>
working   : <HOME>/runstate/<SCOPE>/runs/<RUN_ID>/working
Mode fresh
Acceptance default dr-gate behavior
{
  "version": 1,
  "goal": "imported cursor session",
  "task_key": "imported-cursor-session-043244f1",
  "run_id": "<RUN_ID>",
  "scope": "<SCOPE>",
  "status": "completed",
  "current_phase_id": 0,
  "started_at": "<TIMESTAMP>",
  "updated_at": "<TIMESTAMP>",
  "cwd": "<CWD>",
  "run_root": "<HOME>/runstate/<SCOPE>/runs/<RUN_ID>",
  "working_dir": "<HOME>/runstate/<SCOPE>/runs/<RUN_ID>/working",
  "skill_name": "default-coding",
  "skill_path": "/Users/gdc/deadreckon/skills/default-coding/SKILL.md",
  "sandbox": "none",
  "provider": "import:cursor",
  "max_spend_usd": null,
  "total_spend_usd": 0.0,
  "total_wall_seconds": 0.0,
  "turn": 2,
  "pause_reason": null,
  "failure_reason": null,
  "child_pids": [],
  "killed_at": null,
  "phases": [
    {
      "id": 0,
      "name": "init",
      "status": "planned",
      "plan_path": null,
      "updated_at": "<TIMESTAMP>"
    },
    {
      "id": 10,
      "name": "plan",
      "status": "pending",
      "plan_path": null,
      "updated_at": "<TIMESTAMP>"
    },
    {
      "id": 20,
      "name": "provider",
      "status": "pending",
      "plan_path": null,
      "updated_at": "<TIMESTAMP>"
    },
    {
      "id": 30,
      "name": "sandbox",
      "status": "pending",
      "plan_path": null,
      "updated_at": "<TIMESTAMP>"
    },
    {
      "id": 40,
      "name": "execute",
      "status": "pending",
      "plan_path": null,
      "updated_at": "<TIMESTAMP>"
    },
    {
      "id": 50,
      "name": "verify",
      "status": "pending",
      "plan_path": null,
      "updated_at": "<TIMESTAMP>"
    },
    {
      "id": 60,
      "name": "complete",
      "status": "pending",
      "plan_path": null,
      "updated_at": "<TIMESTAMP>"
    }
  ]
}
provenance:
{
  "timestamp": "<TIMESTAMP>",
  "prompt_id": "turn-1",
  "model": "import:cursor",
  "tool_call_id": "cursor-tool-1",
  "session_id": "<RUN_ID>",
  "files": [
    "cursor-one.md"
  ]
}
{
  "timestamp": "<TIMESTAMP>",
  "prompt_id": "turn-2",
  "model": "import:cursor",
  "tool_call_id": "cursor-tool-2",
  "session_id": "<RUN_ID>",
  "files": [
    "cursor-two.md"
  ]
}
traces:
{
  "timestamp": "<TIMESTAMP>",
  "run_id": "<RUN_ID>",
  "turn": 1,
  "event": "import.cursor",
  "latency_ms": null,
  "detail": {
    "files": [
      "cursor-one.md"
    ],
    "import_version": 1,
    "raw_hash": "sha256:11c52d675e2da5430d9ee981b779e47d94a85faefb22b398be1ffd49911f0acd",
    "role": "assistant",
    "schema": "cursor-sqlite",
    "session_id": "cursor:chats",
    "source": "cursor",
    "source_event": "message",
    "source_line": 1,
    "source_path": "<IMPORT_ROOT>/chats.db",
    "summary": "cursor edit one",
    "tool_call_id": "cursor-tool-1"
  }
}
{
  "timestamp": "<TIMESTAMP>",
  "run_id": "<RUN_ID>",
  "turn": 2,
  "event": "import.cursor",
  "latency_ms": null,
  "detail": {
    "files": [
      "cursor-two.md"
    ],
    "import_version": 1,
    "raw_hash": "sha256:7b37cf977e0a7e23bf29f9bff19f2f7455db0f5082fe8a7db23e16a2c8b52578",
    "role": "assistant",
    "schema": "cursor-sqlite",
    "session_id": "cursor:chats",
    "source": "cursor",
    "source_event": "message",
    "source_line": 2,
    "source_path": "<IMPORT_ROOT>/chats.db",
    "summary": "cursor edit two",
    "tool_call_id": "cursor-tool-2"
  }
}
